../Core/Src/bsp/sd/sd_functions.c:29:5:sd_format	4120	static
../Core/Src/bsp/sd/sd_functions.c:42:5:sd_get_space_kb	40	static
../Core/Src/bsp/sd/sd_functions.c:56:5:sd_mount	16	static
../Core/Src/bsp/sd/sd_functions.c:114:5:sd_unmount	16	static
../Core/Src/bsp/sd/sd_functions.c:120:5:sd_write_file	592	static
../Core/Src/bsp/sd/sd_functions.c:132:5:sd_append_file	592	static
../Core/Src/bsp/sd/sd_functions.c:150:5:sd_read_file	600	static
../Core/Src/bsp/sd/sd_functions.c:185:5:sd_read_csv	744	static
../Core/Src/bsp/sd/sd_functions.c:228:5:sd_delete_file	24	static
../Core/Src/bsp/sd/sd_functions.c:234:5:sd_rename_file	24	static
../Core/Src/bsp/sd/sd_functions.c:240:9:sd_create_directory	24	static
../Core/Src/bsp/sd/sd_functions.c:246:6:sd_list_directory_recursive	880	static
../Core/Src/bsp/sd/sd_functions.c:276:6:sd_list_files	8	static
